
Efinix FPGA Placement and Routing.
Version: 2023.2.307 
Date: Tue Dec 17 11:18:10 2024

Copyright (C) 2013 - 2023 Efinix, Inc. All rights reserved.
 
Family: Trion 
Device: T120F324
Top-level Entity Name: im2col
Elapsed time for packing: 0 hours 0 minutes 0 seconds

---------- Resource Summary (begin) ----------
Inputs: 31 / 1076 (2.88%)
Outputs: 18 / 1566 (1.15%)
Clocks: 2 / 16 (12.50%)
Logic Elements: 5950 / 112128 (5.31%)
	LE: LUTs/Adders: 4650 / 112128 (4.15%)
	LE: Registers: 3113 / 107520 (2.90%)
Memory Blocks: 94 / 1056 (8.90%)
Multipliers: 0 / 320 (0.00%)
---------- Resource Summary (end) ----------


---------- Memory Block Information (begin) ----------

+----------------------------------------------------------------------------------------+------+------------+-------------+------------+------------+
|                                          NAME                                          | MODE | READ_WIDTH | WRITE_WIDTH | WRITE_MODE | OUTPUT_REG |
+----------------------------------------------------------------------------------------+------+------------+-------------+------------+------------+
| edb_top_inst/la0/la_biu_inst/fifo_with_read_inst/simple_dual_port_ram_inst/ram__D$0q12 | SDP  |     1      |      1      | READ_FIRST |   false    |
| edb_top_inst/la0/la_biu_inst/fifo_with_read_inst/simple_dual_port_ram_inst/ram__D$0s12 | SDP  |     1      |      1      | READ_FIRST |   false    |
| edb_top_inst/la0/la_biu_inst/fifo_with_read_inst/simple_dual_port_ram_inst/ram__D$0p12 | SDP  |     1      |      1      | READ_FIRST |   false    |
| edb_top_inst/la0/la_biu_inst/fifo_with_read_inst/simple_dual_port_ram_inst/ram__D$0o12 | SDP  |     1      |      1      | READ_FIRST |   false    |
| edb_top_inst/la0/la_biu_inst/fifo_with_read_inst/simple_dual_port_ram_inst/ram__D$0n12 | SDP  |     1      |      1      | READ_FIRST |   false    |
| edb_top_inst/la0/la_biu_inst/fifo_with_read_inst/simple_dual_port_ram_inst/ram__D$0m12 | SDP  |     1      |      1      | READ_FIRST |   false    |
| edb_top_inst/la0/la_biu_inst/fifo_with_read_inst/simple_dual_port_ram_inst/ram__D$0l12 | SDP  |     1      |      1      | READ_FIRST |   false    |
| edb_top_inst/la0/la_biu_inst/fifo_with_read_inst/simple_dual_port_ram_inst/ram__D$0k12 | SDP  |     1      |      1      | READ_FIRST |   false    |
| edb_top_inst/la0/la_biu_inst/fifo_with_read_inst/simple_dual_port_ram_inst/ram__D$0j12 | SDP  |     1      |      1      | READ_FIRST |   false    |
| edb_top_inst/la0/la_biu_inst/fifo_with_read_inst/simple_dual_port_ram_inst/ram__D$0i12 | SDP  |     1      |      1      | READ_FIRST |   false    |
| edb_top_inst/la0/la_biu_inst/fifo_with_read_inst/simple_dual_port_ram_inst/ram__D$0h12 | SDP  |     1      |      1      | READ_FIRST |   false    |
| edb_top_inst/la0/la_biu_inst/fifo_with_read_inst/simple_dual_port_ram_inst/ram__D$0g12 | SDP  |     1      |      1      | READ_FIRST |   false    |
| edb_top_inst/la0/la_biu_inst/fifo_with_read_inst/simple_dual_port_ram_inst/ram__D$0f12 | SDP  |     1      |      1      | READ_FIRST |   false    |
| edb_top_inst/la0/la_biu_inst/fifo_with_read_inst/simple_dual_port_ram_inst/ram__D$0e12 | SDP  |     1      |      1      | READ_FIRST |   false    |
| edb_top_inst/la0/la_biu_inst/fifo_with_read_inst/simple_dual_port_ram_inst/ram__D$0d12 | SDP  |     1      |      1      | READ_FIRST |   false    |
| edb_top_inst/la0/la_biu_inst/fifo_with_read_inst/simple_dual_port_ram_inst/ram__D$0c12 | SDP  |     1      |      1      | READ_FIRST |   false    |
| edb_top_inst/la0/la_biu_inst/fifo_with_read_inst/simple_dual_port_ram_inst/ram__D$0b12 | SDP  |     1      |      1      | READ_FIRST |   false    |
| edb_top_inst/la0/la_biu_inst/fifo_with_read_inst/simple_dual_port_ram_inst/ram__D$012  | SDP  |     1      |      1      | READ_FIRST |   false    |
| edb_top_inst/la0/la_biu_inst/fifo_with_read_inst/simple_dual_port_ram_inst/ram__D$0r12 | SDP  |     1      |      1      | READ_FIRST |   false    |
|  edb_top_inst/la0/la_biu_inst/fifo_with_read_inst/simple_dual_port_ram_inst/ram__D$32  | SDP  |     1      |      1      | READ_FIRST |   false    |
| edb_top_inst/la0/la_biu_inst/fifo_with_read_inst/simple_dual_port_ram_inst/ram__D$3b12 | SDP  |     1      |      1      | READ_FIRST |   false    |
|  edb_top_inst/la0/la_biu_inst/fifo_with_read_inst/simple_dual_port_ram_inst/ram__D$02  | SDP  |     1      |      1      | READ_FIRST |   false    |
| edb_top_inst/la0/la_biu_inst/fifo_with_read_inst/simple_dual_port_ram_inst/ram__D$0t12 | SDP  |     1      |      1      | READ_FIRST |   false    |
| edb_top_inst/la0/la_biu_inst/fifo_with_read_inst/simple_dual_port_ram_inst/ram__D$0u12 | SDP  |     1      |      1      | READ_FIRST |   false    |
| edb_top_inst/la0/la_biu_inst/fifo_with_read_inst/simple_dual_port_ram_inst/ram__D$0v12 | SDP  |     1      |      1      | READ_FIRST |   false    |
| edb_top_inst/la0/la_biu_inst/fifo_with_read_inst/simple_dual_port_ram_inst/ram__D$0w12 | SDP  |     1      |      1      | READ_FIRST |   false    |
| edb_top_inst/la0/la_biu_inst/fifo_with_read_inst/simple_dual_port_ram_inst/ram__D$0x12 | SDP  |     1      |      1      | READ_FIRST |   false    |
| edb_top_inst/la0/la_biu_inst/fifo_with_read_inst/simple_dual_port_ram_inst/ram__D$0y12 | SDP  |     1      |      1      | READ_FIRST |   false    |
| edb_top_inst/la0/la_biu_inst/fifo_with_read_inst/simple_dual_port_ram_inst/ram__D$0z12 | SDP  |     1      |      1      | READ_FIRST |   false    |
| edb_top_inst/la0/la_biu_inst/fifo_with_read_inst/simple_dual_port_ram_inst/ram__D$0A12 | SDP  |     1      |      1      | READ_FIRST |   false    |
| edb_top_inst/la0/la_biu_inst/fifo_with_read_inst/simple_dual_port_ram_inst/ram__D$0B12 | SDP  |     1      |      1      | READ_FIRST |   false    |
| edb_top_inst/la0/la_biu_inst/fifo_with_read_inst/simple_dual_port_ram_inst/ram__D$0C12 | SDP  |     1      |      1      | READ_FIRST |   false    |
| edb_top_inst/la0/la_biu_inst/fifo_with_read_inst/simple_dual_port_ram_inst/ram__D$0D12 | SDP  |     1      |      1      | READ_FIRST |   false    |
| edb_top_inst/la0/la_biu_inst/fifo_with_read_inst/simple_dual_port_ram_inst/ram__D$0E12 | SDP  |     1      |      1      | READ_FIRST |   false    |
| edb_top_inst/la0/la_biu_inst/fifo_with_read_inst/simple_dual_port_ram_inst/ram__D$0F12 | SDP  |     1      |      1      | READ_FIRST |   false    |
| edb_top_inst/la0/la_biu_inst/fifo_with_read_inst/simple_dual_port_ram_inst/ram__D$0G12 | SDP  |     1      |      1      | READ_FIRST |   false    |
| edb_top_inst/la0/la_biu_inst/fifo_with_read_inst/simple_dual_port_ram_inst/ram__D$0H12 | SDP  |     1      |      1      | READ_FIRST |   false    |
| edb_top_inst/la0/la_biu_inst/fifo_with_read_inst/simple_dual_port_ram_inst/ram__D$0I12 | SDP  |     1      |      1      | READ_FIRST |   false    |
| edb_top_inst/la0/la_biu_inst/fifo_with_read_inst/simple_dual_port_ram_inst/ram__D$0J12 | SDP  |     1      |      1      | READ_FIRST |   false    |
| edb_top_inst/la0/la_biu_inst/fifo_with_read_inst/simple_dual_port_ram_inst/ram__D$0K12 | SDP  |     1      |      1      | READ_FIRST |   false    |
| edb_top_inst/la0/la_biu_inst/fifo_with_read_inst/simple_dual_port_ram_inst/ram__D$0L12 | SDP  |     1      |      1      | READ_FIRST |   false    |
| edb_top_inst/la0/la_biu_inst/fifo_with_read_inst/simple_dual_port_ram_inst/ram__D$0M12 | SDP  |     1      |      1      | READ_FIRST |   false    |
| edb_top_inst/la0/la_biu_inst/fifo_with_read_inst/simple_dual_port_ram_inst/ram__D$0N12 | SDP  |     1      |      1      | READ_FIRST |   false    |
| edb_top_inst/la0/la_biu_inst/fifo_with_read_inst/simple_dual_port_ram_inst/ram__D$0O12 | SDP  |     1      |      1      | READ_FIRST |   false    |
| edb_top_inst/la0/la_biu_inst/fifo_with_read_inst/simple_dual_port_ram_inst/ram__D$0P12 | SDP  |     1      |      1      | READ_FIRST |   false    |
| edb_top_inst/la0/la_biu_inst/fifo_with_read_inst/simple_dual_port_ram_inst/ram__D$0Q12 | SDP  |     1      |      1      | READ_FIRST |   false    |
| edb_top_inst/la0/la_biu_inst/fifo_with_read_inst/simple_dual_port_ram_inst/ram__D$0R12 | SDP  |     1      |      1      | READ_FIRST |   false    |
| edb_top_inst/la0/la_biu_inst/fifo_with_read_inst/simple_dual_port_ram_inst/ram__D$0S12 | SDP  |     1      |      1      | READ_FIRST |   false    |
| edb_top_inst/la0/la_biu_inst/fifo_with_read_inst/simple_dual_port_ram_inst/ram__D$0T1  | SDP  |     1      |      1      | READ_FIRST |   false    |
| edb_top_inst/la0/la_biu_inst/fifo_with_read_inst/simple_dual_port_ram_inst/ram__D$312  | SDP  |     1      |      1      | READ_FIRST |   false    |
| edb_top_inst/la0/la_biu_inst/fifo_with_read_inst/simple_dual_port_ram_inst/ram__D$3c12 | SDP  |     1      |      1      | READ_FIRST |   false    |
| edb_top_inst/la0/la_biu_inst/fifo_with_read_inst/simple_dual_port_ram_inst/ram__D$3d12 | SDP  |     1      |      1      | READ_FIRST |   false    |
| edb_top_inst/la0/la_biu_inst/fifo_with_read_inst/simple_dual_port_ram_inst/ram__D$3e12 | SDP  |     1      |      1      | READ_FIRST |   false    |
| edb_top_inst/la0/la_biu_inst/fifo_with_read_inst/simple_dual_port_ram_inst/ram__D$3f12 | SDP  |     1      |      1      | READ_FIRST |   false    |
| edb_top_inst/la0/la_biu_inst/fifo_with_read_inst/simple_dual_port_ram_inst/ram__D$3g12 | SDP  |     1      |      1      | READ_FIRST |   false    |
| edb_top_inst/la0/la_biu_inst/fifo_with_read_inst/simple_dual_port_ram_inst/ram__D$3h12 | SDP  |     1      |      1      | READ_FIRST |   false    |
| edb_top_inst/la0/la_biu_inst/fifo_with_read_inst/simple_dual_port_ram_inst/ram__D$3i12 | SDP  |     1      |      1      | READ_FIRST |   false    |
| edb_top_inst/la0/la_biu_inst/fifo_with_read_inst/simple_dual_port_ram_inst/ram__D$3j12 | SDP  |     1      |      1      | READ_FIRST |   false    |
| edb_top_inst/la0/la_biu_inst/fifo_with_read_inst/simple_dual_port_ram_inst/ram__D$3k12 | SDP  |     1      |      1      | READ_FIRST |   false    |
| edb_top_inst/la0/la_biu_inst/fifo_with_read_inst/simple_dual_port_ram_inst/ram__D$3l12 | SDP  |     1      |      1      | READ_FIRST |   false    |
| edb_top_inst/la0/la_biu_inst/fifo_with_read_inst/simple_dual_port_ram_inst/ram__D$3m12 | SDP  |     1      |      1      | READ_FIRST |   false    |
| edb_top_inst/la0/la_biu_inst/fifo_with_read_inst/simple_dual_port_ram_inst/ram__D$3n12 | SDP  |     1      |      1      | READ_FIRST |   false    |
| edb_top_inst/la0/la_biu_inst/fifo_with_read_inst/simple_dual_port_ram_inst/ram__D$3o12 | SDP  |     1      |      1      | READ_FIRST |   false    |
| edb_top_inst/la0/la_biu_inst/fifo_with_read_inst/simple_dual_port_ram_inst/ram__D$3p12 | SDP  |     1      |      1      | READ_FIRST |   false    |
| edb_top_inst/la0/la_biu_inst/fifo_with_read_inst/simple_dual_port_ram_inst/ram__D$3q12 | SDP  |     1      |      1      | READ_FIRST |   false    |
| edb_top_inst/la0/la_biu_inst/fifo_with_read_inst/simple_dual_port_ram_inst/ram__D$3r12 | SDP  |     1      |      1      | READ_FIRST |   false    |
| edb_top_inst/la0/la_biu_inst/fifo_with_read_inst/simple_dual_port_ram_inst/ram__D$3s12 | SDP  |     1      |      1      | READ_FIRST |   false    |
| edb_top_inst/la0/la_biu_inst/fifo_with_read_inst/simple_dual_port_ram_inst/ram__D$3t12 | SDP  |     1      |      1      | READ_FIRST |   false    |
| edb_top_inst/la0/la_biu_inst/fifo_with_read_inst/simple_dual_port_ram_inst/ram__D$3u12 | SDP  |     1      |      1      | READ_FIRST |   false    |
| edb_top_inst/la0/la_biu_inst/fifo_with_read_inst/simple_dual_port_ram_inst/ram__D$3v12 | SDP  |     1      |      1      | READ_FIRST |   false    |
| edb_top_inst/la0/la_biu_inst/fifo_with_read_inst/simple_dual_port_ram_inst/ram__D$3w12 | SDP  |     1      |      1      | READ_FIRST |   false    |
| edb_top_inst/la0/la_biu_inst/fifo_with_read_inst/simple_dual_port_ram_inst/ram__D$3x12 | SDP  |     1      |      1      | READ_FIRST |   false    |
| edb_top_inst/la0/la_biu_inst/fifo_with_read_inst/simple_dual_port_ram_inst/ram__D$3y12 | SDP  |     1      |      1      | READ_FIRST |   false    |
| edb_top_inst/la0/la_biu_inst/fifo_with_read_inst/simple_dual_port_ram_inst/ram__D$3z12 | SDP  |     1      |      1      | READ_FIRST |   false    |
| edb_top_inst/la0/la_biu_inst/fifo_with_read_inst/simple_dual_port_ram_inst/ram__D$3A12 | SDP  |     1      |      1      | READ_FIRST |   false    |
| edb_top_inst/la0/la_biu_inst/fifo_with_read_inst/simple_dual_port_ram_inst/ram__D$3B12 | SDP  |     1      |      1      | READ_FIRST |   false    |
| edb_top_inst/la0/la_biu_inst/fifo_with_read_inst/simple_dual_port_ram_inst/ram__D$3C12 | SDP  |     1      |      1      | READ_FIRST |   false    |
| edb_top_inst/la0/la_biu_inst/fifo_with_read_inst/simple_dual_port_ram_inst/ram__D$3D12 | SDP  |     1      |      1      | READ_FIRST |   false    |
| edb_top_inst/la0/la_biu_inst/fifo_with_read_inst/simple_dual_port_ram_inst/ram__D$3E12 | SDP  |     1      |      1      | READ_FIRST |   false    |
| edb_top_inst/la0/la_biu_inst/fifo_with_read_inst/simple_dual_port_ram_inst/ram__D$3F12 | SDP  |     1      |      1      | READ_FIRST |   false    |
| edb_top_inst/la0/la_biu_inst/fifo_with_read_inst/simple_dual_port_ram_inst/ram__D$3G12 | SDP  |     1      |      1      | READ_FIRST |   false    |
| edb_top_inst/la0/la_biu_inst/fifo_with_read_inst/simple_dual_port_ram_inst/ram__D$3H12 | SDP  |     1      |      1      | READ_FIRST |   false    |
| edb_top_inst/la0/la_biu_inst/fifo_with_read_inst/simple_dual_port_ram_inst/ram__D$3I12 | SDP  |     1      |      1      | READ_FIRST |   false    |
| edb_top_inst/la0/la_biu_inst/fifo_with_read_inst/simple_dual_port_ram_inst/ram__D$3J12 | SDP  |     1      |      1      | READ_FIRST |   false    |
| edb_top_inst/la0/la_biu_inst/fifo_with_read_inst/simple_dual_port_ram_inst/ram__D$3K12 | SDP  |     1      |      1      | READ_FIRST |   false    |
| edb_top_inst/la0/la_biu_inst/fifo_with_read_inst/simple_dual_port_ram_inst/ram__D$3L12 | SDP  |     1      |      1      | READ_FIRST |   false    |
| edb_top_inst/la0/la_biu_inst/fifo_with_read_inst/simple_dual_port_ram_inst/ram__D$3M12 | SDP  |     1      |      1      | READ_FIRST |   false    |
| edb_top_inst/la0/la_biu_inst/fifo_with_read_inst/simple_dual_port_ram_inst/ram__D$3N12 | SDP  |     1      |      1      | READ_FIRST |   false    |
| edb_top_inst/la0/la_biu_inst/fifo_with_read_inst/simple_dual_port_ram_inst/ram__D$3O12 | SDP  |     1      |      1      | READ_FIRST |   false    |
| edb_top_inst/la0/la_biu_inst/fifo_with_read_inst/simple_dual_port_ram_inst/ram__D$3P12 | SDP  |     1      |      1      | READ_FIRST |   false    |
| edb_top_inst/la0/la_biu_inst/fifo_with_read_inst/simple_dual_port_ram_inst/ram__D$3Q12 | SDP  |     1      |      1      | READ_FIRST |   false    |
| edb_top_inst/la0/la_biu_inst/fifo_with_read_inst/simple_dual_port_ram_inst/ram__D$3R12 | SDP  |     1      |      1      | READ_FIRST |   false    |
| edb_top_inst/la0/la_biu_inst/fifo_with_read_inst/simple_dual_port_ram_inst/ram__D$3S12 | SDP  |     1      |      1      | READ_FIRST |   false    |
| edb_top_inst/la0/la_biu_inst/fifo_with_read_inst/simple_dual_port_ram_inst/ram__D$3T1  | SDP  |     1      |      1      | READ_FIRST |   false    |
+----------------------------------------------------------------------------------------+------+------------+-------------+------------+------------+

----------- Memory Block Information (end) ----------


---------- IO Interface Summary (begin) ----------

+------------------------+--------------+
| Missing Interface Pins | Input/Output |
+------------------------+--------------+
|    jtag_inst1_DRCK     |    Input     |
|     jtag_inst1_TMS     |    Input     |
|   jtag_inst1_RUNTEST   |    Input     |
|     i_im2col_start     |    Input     |
|         clk_in         |    Input     |
+------------------------+--------------+

----------- IO Interface Summary (end) ----------


---------- IO Placement Summary (begin) ----------

+----------------------+--------------+
| Unassigned Core Pins | Input/Output |
+----------------------+--------------+
|        i_clk         |    Input     |
|    valid_mat_size    |    Input     |
| i_start_im2col_index |    Input     |
|     zero_pad[3]      |    Input     |
|     zero_pad[2]      |    Input     |
|     zero_pad[1]      |    Input     |
|     zero_pad[0]      |    Input     |
|       ksize[2]       |    Input     |
|       ksize[1]       |    Input     |
|       ksize[0]       |    Input     |
|    zero_padded[1]    |    Input     |
|    zero_padded[0]    |    Input     |
|    i_mat_size[7]     |    Input     |
|    i_mat_size[6]     |    Input     |
|    i_mat_size[5]     |    Input     |
|    i_mat_size[4]     |    Input     |
|    i_mat_size[3]     |    Input     |
|    i_mat_size[2]     |    Input     |
|    i_mat_size[1]     |    Input     |
|    i_mat_size[0]     |    Input     |
|     valid_sq[15]     |    Output    |
|     valid_sq[14]     |    Output    |
|     valid_sq[13]     |    Output    |
|     valid_sq[12]     |    Output    |
|     valid_sq[11]     |    Output    |
|     valid_sq[10]     |    Output    |
|     valid_sq[9]      |    Output    |
|     valid_sq[8]      |    Output    |
|     valid_sq[7]      |    Output    |
|     valid_sq[6]      |    Output    |
|     valid_sq[5]      |    Output    |
|     valid_sq[4]      |    Output    |
|     valid_sq[3]      |    Output    |
|     valid_sq[2]      |    Output    |
|     valid_sq[1]      |    Output    |
|     valid_sq[0]      |    Output    |
|      stride[2]       |    Input     |
|      stride[1]       |    Input     |
|      stride[0]       |    Input     |
|     o_valid_buff     |    Output    |
+----------------------+--------------+

----------- IO Placement Summary (end) ----------

Elapsed time for placement: 0 hours 0 minutes 19 seconds
